Balance: 150, LastTransactionDate: 1/1/2015 12:00:00 AM